Type-safe project accessors is an incubating feature.
> Task :build-logic:checkKotlinGradlePluginConfigurationErrors SKIPPED
> Task :build-logic:compileKotlin UP-TO-DATE
> Task :build-logic:compileJava NO-SOURCE
> Task :build-logic:pluginDescriptors UP-TO-DATE
> Task :build-logic:processResources UP-TO-DATE
> Task :build-logic:classes UP-TO-DATE
> Task :build-logic:jar UP-TO-DATE

> Configure project :
[build-logic] plugin applied on LMusic-KMP

> Configure project :androidApp
[resignore] Java resources 排除规则: [org/fusesource/jansi/**, META-INF/*.version, DebugProbesKt.bin]
[cmpshrink] 解析到 40 个引用的图标，目标目录: composeResources/com.lalilu.remixicon.generated.resources/drawable

> Configure project :common
w: iOS Source Set Used Without an iOS Target
Accessed 'source set iosMain' without registering any ios target:
kotlin {
    /* Register at least one of the following targets */
    iosX64()
    iosArm64()
    iosSimulatorArm64()

    /* Use convention */
    sourceSets.iosMain.dependencies {

    }
}
Solution: Please register at least one of the iOS targets.

w: Unused Kotlin Source Sets
The Kotlin source set iosMain was configured but not added to any Kotlin compilation.
Solution: You can add a source set to a target's compilation by connecting it with the compilation's default source set using 'dependsOn'.
See https://kotl.in/connecting-source-sets


> Configure project :component
w: iOS Source Set Used Without an iOS Target
Accessed 'source set iosMain' without registering any ios target:
kotlin {
    /* Register at least one of the following targets */
    iosX64()
    iosArm64()
    iosSimulatorArm64()

    /* Use convention */
    sourceSets.iosMain.dependencies {

    }
}
Solution: Please register at least one of the iOS targets.

w: Unused Kotlin Source Sets
The Kotlin source set iosMain was configured but not added to any Kotlin compilation.
Solution: You can add a source set to a target's compilation by connecting it with the compilation's default source set using 'dependsOn'.
See https://kotl.in/connecting-source-sets


> Configure project :composeApp
w: iOS Source Set Used Without an iOS Target
Accessed 'source set iosMain' without registering any ios target:
kotlin {
    /* Register at least one of the following targets */
    iosX64()
    iosArm64()
    iosSimulatorArm64()

    /* Use convention */
    sourceSets.iosMain.dependencies {

    }
}
Solution: Please register at least one of the iOS targets.

w: Unused Kotlin Source Sets
The Kotlin source set iosMain was configured but not added to any Kotlin compilation.
Solution: You can add a source set to a target's compilation by connecting it with the compilation's default source set using 'dependsOn'.
See https://kotl.in/connecting-source-sets


> Configure project :lmedia:lmedia-client
The 'ksp' configuration is deprecated in Kotlin Multiplatform projects. Please use target-specific configurations like 'kspJvm' instead.

> Configure project :lmedia:lmedia-coil
The 'ksp' configuration is deprecated in Kotlin Multiplatform projects. Please use target-specific configurations like 'kspJvm' instead.

> Configure project :lmedia:lmedia-core
The 'ksp' configuration is deprecated in Kotlin Multiplatform projects. Please use target-specific configurations like 'kspJvm' instead.
w: Unused Kotlin Source Sets
The Kotlin source set nativeMain was configured but not added to any Kotlin compilation.
Solution: You can add a source set to a target's compilation by connecting it with the compilation's default source set using 'dependsOn'.
See https://kotl.in/connecting-source-sets


> Configure project :lmedia:lmedia-server
The 'ksp' configuration is deprecated in Kotlin Multiplatform projects. Please use target-specific configurations like 'kspJvm' instead.

> Configure project :lmedia:lmedia-stream
w: Unused Kotlin Source Sets
The Kotlin source set nativeMain was configured but not added to any Kotlin compilation.
Solution: You can add a source set to a target's compilation by connecting it with the compilation's default source set using 'dependsOn'.
See https://kotl.in/connecting-source-sets


> Configure project :lmedia:lmedia-ui
The 'ksp' configuration is deprecated in Kotlin Multiplatform projects. Please use target-specific configurations like 'kspJvm' instead.

> Task :androidApp:preBuild UP-TO-DATE
> Task :androidApp:preDebugBuild UP-TO-DATE
> Task :androidApp:mergeDebugNativeDebugMetadata NO-SOURCE
> Task :androidApp:generateDebugResources UP-TO-DATE
> Task :androidApp:packageDebugResources UP-TO-DATE
> Task :common:androidPreBuild UP-TO-DATE
> Task :common:preAndroidMainBuild UP-TO-DATE
> Task :common:generateAndroidMainEmptyResourceFiles UP-TO-DATE
> Task :component:androidPreBuild UP-TO-DATE
> Task :component:preAndroidMainBuild UP-TO-DATE
> Task :component:generateAndroidMainEmptyResourceFiles UP-TO-DATE
> Task :composeApp:androidPreBuild UP-TO-DATE
> Task :composeApp:preAndroidMainBuild UP-TO-DATE
> Task :composeApp:generateAndroidMainEmptyResourceFiles UP-TO-DATE
> Task :lalbum:androidPreBuild UP-TO-DATE
> Task :lalbum:preAndroidMainBuild UP-TO-DATE
> Task :lalbum:generateAndroidMainEmptyResourceFiles UP-TO-DATE
> Task :lartist:androidPreBuild UP-TO-DATE
> Task :lartist:preAndroidMainBuild UP-TO-DATE
> Task :lartist:generateAndroidMainEmptyResourceFiles UP-TO-DATE
> Task :lfont:androidPreBuild UP-TO-DATE
> Task :lfont:preAndroidMainBuild UP-TO-DATE
> Task :lfont:generateAndroidMainEmptyResourceFiles UP-TO-DATE
> Task :lhistory:androidPreBuild UP-TO-DATE
> Task :lhistory:preAndroidMainBuild UP-TO-DATE
> Task :lhistory:generateAndroidMainEmptyResourceFiles UP-TO-DATE
> Task :lhome:androidPreBuild UP-TO-DATE
> Task :lhome:preAndroidMainBuild UP-TO-DATE
> Task :lhome:generateAndroidMainEmptyResourceFiles UP-TO-DATE
> Task :llyric:androidPreBuild UP-TO-DATE
> Task :llyric:preAndroidMainBuild UP-TO-DATE
> Task :llyric:generateAndroidMainEmptyResourceFiles UP-TO-DATE
> Task :llyricview:androidPreBuild UP-TO-DATE
> Task :llyricview:preAndroidMainBuild UP-TO-DATE
> Task :llyricview:generateAndroidMainEmptyResourceFiles UP-TO-DATE
> Task :lplayer:androidPreBuild UP-TO-DATE
> Task :lplayer:preAndroidMainBuild UP-TO-DATE
> Task :lplayer:generateAndroidMainEmptyResourceFiles UP-TO-DATE
> Task :lplaylist:androidPreBuild UP-TO-DATE
> Task :lplaylist:preAndroidMainBuild UP-TO-DATE
> Task :lplaylist:generateAndroidMainEmptyResourceFiles UP-TO-DATE
> Task :lsearch:androidPreBuild UP-TO-DATE
> Task :lsearch:preAndroidMainBuild UP-TO-DATE
> Task :lsearch:generateAndroidMainEmptyResourceFiles UP-TO-DATE
> Task :lsettings:androidPreBuild UP-TO-DATE
> Task :lsettings:preAndroidMainBuild UP-TO-DATE
> Task :lsettings:generateAndroidMainEmptyResourceFiles UP-TO-DATE
> Task :lmedia:lmedia-client:androidPreBuild UP-TO-DATE
> Task :lmedia:lmedia-client:preAndroidMainBuild UP-TO-DATE
> Task :lmedia:lmedia-client:generateAndroidMainEmptyResourceFiles UP-TO-DATE
> Task :lmedia:lmedia-coil:androidPreBuild UP-TO-DATE
> Task :lmedia:lmedia-coil:preAndroidMainBuild UP-TO-DATE
> Task :lmedia:lmedia-coil:generateAndroidMainEmptyResourceFiles UP-TO-DATE
> Task :lmedia:lmedia-core:androidPreBuild UP-TO-DATE
> Task :lmedia:lmedia-core:preAndroidMainBuild UP-TO-DATE
> Task :lmedia:lmedia-core:generateAndroidMainEmptyResourceFiles UP-TO-DATE
> Task :lmedia:lmedia-data:androidPreBuild UP-TO-DATE
> Task :lmedia:lmedia-data:preAndroidMainBuild UP-TO-DATE
> Task :lmedia:lmedia-data:generateAndroidMainEmptyResourceFiles UP-TO-DATE
> Task :lmedia:lmedia-domain:androidPreBuild UP-TO-DATE
> Task :lmedia:lmedia-domain:preAndroidMainBuild UP-TO-DATE
> Task :lmedia:lmedia-domain:generateAndroidMainEmptyResourceFiles UP-TO-DATE
> Task :lmedia:lmedia-server:androidPreBuild UP-TO-DATE
> Task :lmedia:lmedia-server:preAndroidMainBuild UP-TO-DATE
> Task :lmedia:lmedia-server:generateAndroidMainEmptyResourceFiles UP-TO-DATE
> Task :lmedia:lmedia-stream:androidPreBuild UP-TO-DATE
> Task :lmedia:lmedia-stream:preAndroidMainBuild UP-TO-DATE
> Task :lmedia:lmedia-stream:generateAndroidMainEmptyResourceFiles UP-TO-DATE
> Task :lmedia:lmedia-ui:androidPreBuild UP-TO-DATE
> Task :lmedia:lmedia-ui:preAndroidMainBuild UP-TO-DATE
> Task :lmedia:lmedia-ui:generateAndroidMainEmptyResourceFiles UP-TO-DATE
> Task :androidApp:processDebugNavigationResources UP-TO-DATE
> Task :androidApp:parseDebugLocalResources UP-TO-DATE
> Task :androidApp:generateDebugRFile UP-TO-DATE
> Task :common:kmpPartiallyResolvedDependenciesChecker
> Task :common:checkKotlinGradlePluginConfigurationErrors SKIPPED
> Task :common:convertXmlValueResourcesForAndroidMain NO-SOURCE
> Task :common:copyNonXmlValueResourcesForAndroidMain NO-SOURCE
> Task :common:prepareComposeResourcesTaskForAndroidMain NO-SOURCE
> Task :common:generateResourceAccessorsForAndroidMain NO-SOURCE
> Task :common:convertXmlValueResourcesForCommonMain NO-SOURCE
> Task :common:copyNonXmlValueResourcesForCommonMain NO-SOURCE
> Task :common:prepareComposeResourcesTaskForCommonMain NO-SOURCE
> Task :common:generateResourceAccessorsForCommonMain NO-SOURCE
> Task :common:generateActualResourceCollectorsForAndroidMain UP-TO-DATE
> Task :common:copyAndroidMainComposeResourcesToAndroidAssets UP-TO-DATE
> Task :common:packageAndroidMainResources UP-TO-DATE
> Task :common:parseAndroidMainLocalResources UP-TO-DATE
> Task :common:generateAndroidMainRFile UP-TO-DATE
> Task :common:generateComposeResClass UP-TO-DATE
> Task :common:generateExpectResourceCollectorsForCommonMain UP-TO-DATE
> Task :common:kspAndroidMain UP-TO-DATE
> Task :common:compileAndroidMain UP-TO-DATE
> Task :common:bundleAndroidMainClassesToCompileJar UP-TO-DATE
> Task :component:kmpPartiallyResolvedDependenciesChecker
> Task :component:checkKotlinGradlePluginConfigurationErrors SKIPPED
> Task :component:convertXmlValueResourcesForAndroidMain NO-SOURCE
> Task :component:copyNonXmlValueResourcesForAndroidMain NO-SOURCE
> Task :component:prepareComposeResourcesTaskForAndroidMain NO-SOURCE
> Task :component:generateResourceAccessorsForAndroidMain NO-SOURCE
> Task :component:convertXmlValueResourcesForCommonMain NO-SOURCE
> Task :component:copyNonXmlValueResourcesForCommonMain NO-SOURCE
> Task :component:prepareComposeResourcesTaskForCommonMain NO-SOURCE
> Task :component:generateResourceAccessorsForCommonMain NO-SOURCE
> Task :component:generateActualResourceCollectorsForAndroidMain UP-TO-DATE
> Task :component:copyAndroidMainComposeResourcesToAndroidAssets UP-TO-DATE
> Task :component:packageAndroidMainResources UP-TO-DATE
> Task :component:parseAndroidMainLocalResources UP-TO-DATE
> Task :component:generateAndroidMainRFile UP-TO-DATE
> Task :component:generateComposeResClass UP-TO-DATE
> Task :component:generateExpectResourceCollectorsForCommonMain UP-TO-DATE
> Task :component:kspAndroidMain UP-TO-DATE
> Task :component:compileAndroidMain UP-TO-DATE
> Task :component:bundleAndroidMainClassesToCompileJar UP-TO-DATE
> Task :composeApp:kmpPartiallyResolvedDependenciesChecker
> Task :composeApp:checkKotlinGradlePluginConfigurationErrors SKIPPED
> Task :composeApp:convertXmlValueResourcesForAndroidMain NO-SOURCE
> Task :composeApp:copyNonXmlValueResourcesForAndroidMain NO-SOURCE
> Task :composeApp:prepareComposeResourcesTaskForAndroidMain NO-SOURCE
> Task :composeApp:generateResourceAccessorsForAndroidMain NO-SOURCE
> Task :composeApp:convertXmlValueResourcesForCommonMain NO-SOURCE
> Task :composeApp:copyNonXmlValueResourcesForCommonMain NO-SOURCE
> Task :composeApp:prepareComposeResourcesTaskForCommonMain NO-SOURCE
> Task :composeApp:generateResourceAccessorsForCommonMain NO-SOURCE
> Task :composeApp:generateActualResourceCollectorsForAndroidMain UP-TO-DATE
> Task :composeApp:copyAndroidMainComposeResourcesToAndroidAssets UP-TO-DATE
> Task :composeApp:packageAndroidMainResources UP-TO-DATE
> Task :composeApp:parseAndroidMainLocalResources UP-TO-DATE
> Task :composeApp:generateAndroidMainRFile UP-TO-DATE
> Task :composeApp:generateComposeResClass UP-TO-DATE
> Task :composeApp:generateExpectResourceCollectorsForCommonMain UP-TO-DATE
> Task :lalbum:kmpPartiallyResolvedDependenciesChecker
> Task :lalbum:checkKotlinGradlePluginConfigurationErrors SKIPPED
> Task :lalbum:convertXmlValueResourcesForAndroidMain NO-SOURCE
> Task :lalbum:copyNonXmlValueResourcesForAndroidMain NO-SOURCE
> Task :lalbum:prepareComposeResourcesTaskForAndroidMain NO-SOURCE
> Task :lalbum:generateResourceAccessorsForAndroidMain NO-SOURCE
> Task :lalbum:convertXmlValueResourcesForCommonMain UP-TO-DATE
> Task :lalbum:copyNonXmlValueResourcesForCommonMain NO-SOURCE
> Task :lalbum:prepareComposeResourcesTaskForCommonMain UP-TO-DATE
> Task :lalbum:generateResourceAccessorsForCommonMain UP-TO-DATE
> Task :lalbum:generateActualResourceCollectorsForAndroidMain UP-TO-DATE
> Task :lalbum:copyAndroidMainComposeResourcesToAndroidAssets UP-TO-DATE
> Task :lalbum:packageAndroidMainResources UP-TO-DATE
> Task :lalbum:parseAndroidMainLocalResources UP-TO-DATE
> Task :lalbum:generateAndroidMainRFile UP-TO-DATE
> Task :lalbum:generateComposeResClass UP-TO-DATE
> Task :lalbum:generateExpectResourceCollectorsForCommonMain UP-TO-DATE
> Task :lfont:kmpPartiallyResolvedDependenciesChecker
> Task :lfont:checkKotlinGradlePluginConfigurationErrors SKIPPED
> Task :lfont:convertXmlValueResourcesForAndroidMain NO-SOURCE
> Task :lfont:copyNonXmlValueResourcesForAndroidMain NO-SOURCE
> Task :lfont:prepareComposeResourcesTaskForAndroidMain NO-SOURCE
> Task :lfont:generateResourceAccessorsForAndroidMain NO-SOURCE
> Task :lfont:convertXmlValueResourcesForCommonMain NO-SOURCE
> Task :lfont:copyNonXmlValueResourcesForCommonMain NO-SOURCE
> Task :lfont:prepareComposeResourcesTaskForCommonMain NO-SOURCE
> Task :lfont:generateResourceAccessorsForCommonMain NO-SOURCE
> Task :lfont:generateActualResourceCollectorsForAndroidMain UP-TO-DATE
> Task :lfont:copyAndroidMainComposeResourcesToAndroidAssets UP-TO-DATE
> Task :lfont:packageAndroidMainResources UP-TO-DATE
> Task :lfont:parseAndroidMainLocalResources UP-TO-DATE
> Task :lfont:generateAndroidMainRFile UP-TO-DATE
> Task :lfont:generateComposeResClass UP-TO-DATE
> Task :lfont:generateExpectResourceCollectorsForCommonMain UP-TO-DATE
> Task :lfont:kspAndroidMain UP-TO-DATE
> Task :lfont:compileAndroidMain UP-TO-DATE
> Task :lfont:bundleAndroidMainClassesToCompileJar UP-TO-DATE
> Task :llyric:kmpPartiallyResolvedDependenciesChecker
> Task :llyric:checkKotlinGradlePluginConfigurationErrors SKIPPED
> Task :llyric:packageAndroidMainResources UP-TO-DATE
> Task :llyric:parseAndroidMainLocalResources UP-TO-DATE
> Task :llyric:generateAndroidMainRFile UP-TO-DATE
> Task :llyric:kspAndroidMain UP-TO-DATE
> Task :llyric:compileAndroidMain UP-TO-DATE
> Task :llyric:bundleAndroidMainClassesToCompileJar UP-TO-DATE
> Task :llyricview:kmpPartiallyResolvedDependenciesChecker
> Task :llyricview:checkKotlinGradlePluginConfigurationErrors SKIPPED
> Task :llyricview:convertXmlValueResourcesForAndroidMain NO-SOURCE
> Task :llyricview:copyNonXmlValueResourcesForAndroidMain NO-SOURCE
> Task :llyricview:prepareComposeResourcesTaskForAndroidMain NO-SOURCE
> Task :llyricview:generateResourceAccessorsForAndroidMain NO-SOURCE
> Task :llyricview:convertXmlValueResourcesForCommonMain NO-SOURCE
> Task :llyricview:copyNonXmlValueResourcesForCommonMain NO-SOURCE
> Task :llyricview:prepareComposeResourcesTaskForCommonMain NO-SOURCE
> Task :llyricview:generateResourceAccessorsForCommonMain NO-SOURCE
> Task :llyricview:generateActualResourceCollectorsForAndroidMain UP-TO-DATE
> Task :llyricview:copyAndroidMainComposeResourcesToAndroidAssets UP-TO-DATE
> Task :llyricview:packageAndroidMainResources UP-TO-DATE
> Task :llyricview:parseAndroidMainLocalResources UP-TO-DATE
> Task :llyricview:generateAndroidMainRFile UP-TO-DATE
> Task :llyricview:generateComposeResClass UP-TO-DATE
> Task :llyricview:generateExpectResourceCollectorsForCommonMain UP-TO-DATE
> Task :lsettings:kmpPartiallyResolvedDependenciesChecker
> Task :lsettings:checkKotlinGradlePluginConfigurationErrors SKIPPED
> Task :lsettings:convertXmlValueResourcesForAndroidMain NO-SOURCE
> Task :lsettings:copyNonXmlValueResourcesForAndroidMain NO-SOURCE
> Task :lsettings:prepareComposeResourcesTaskForAndroidMain NO-SOURCE
> Task :lsettings:generateResourceAccessorsForAndroidMain NO-SOURCE
> Task :lsettings:convertXmlValueResourcesForCommonMain NO-SOURCE
> Task :lsettings:copyNonXmlValueResourcesForCommonMain NO-SOURCE
> Task :lsettings:prepareComposeResourcesTaskForCommonMain NO-SOURCE
> Task :lsettings:generateResourceAccessorsForCommonMain NO-SOURCE
> Task :lsettings:generateActualResourceCollectorsForAndroidMain UP-TO-DATE
> Task :lsettings:copyAndroidMainComposeResourcesToAndroidAssets UP-TO-DATE
> Task :lsettings:packageAndroidMainResources UP-TO-DATE
> Task :lsettings:parseAndroidMainLocalResources UP-TO-DATE
> Task :lsettings:generateAndroidMainRFile UP-TO-DATE
> Task :lsettings:generateComposeResClass UP-TO-DATE
> Task :lsettings:generateExpectResourceCollectorsForCommonMain UP-TO-DATE
> Task :lsettings:kspAndroidMain UP-TO-DATE
> Task :lsettings:compileAndroidMain UP-TO-DATE
> Task :lsettings:bundleAndroidMainClassesToCompileJar UP-TO-DATE
> Task :llyricview:kspAndroidMain UP-TO-DATE
> Task :llyricview:compileAndroidMain UP-TO-DATE
> Task :llyricview:bundleAndroidMainClassesToCompileJar UP-TO-DATE
> Task :lplayer:kmpPartiallyResolvedDependenciesChecker
> Task :lplayer:checkKotlinGradlePluginConfigurationErrors SKIPPED
> Task :lplayer:convertXmlValueResourcesForAndroidMain NO-SOURCE
> Task :lplayer:copyNonXmlValueResourcesForAndroidMain NO-SOURCE
> Task :lplayer:prepareComposeResourcesTaskForAndroidMain NO-SOURCE
> Task :lplayer:generateResourceAccessorsForAndroidMain NO-SOURCE
> Task :lplayer:convertXmlValueResourcesForCommonMain UP-TO-DATE
> Task :lplayer:copyNonXmlValueResourcesForCommonMain NO-SOURCE
> Task :lplayer:prepareComposeResourcesTaskForCommonMain UP-TO-DATE
> Task :lplayer:generateResourceAccessorsForCommonMain UP-TO-DATE
> Task :lplayer:generateActualResourceCollectorsForAndroidMain UP-TO-DATE
> Task :lplayer:copyAndroidMainComposeResourcesToAndroidAssets UP-TO-DATE
> Task :lplayer:packageAndroidMainResources UP-TO-DATE
> Task :lplayer:parseAndroidMainLocalResources UP-TO-DATE
> Task :lplayer:generateAndroidMainRFile UP-TO-DATE
> Task :lplayer:generateComposeResClass UP-TO-DATE
> Task :lplayer:generateExpectResourceCollectorsForCommonMain UP-TO-DATE
> Task :lmedia:lmedia-core:kmpPartiallyResolvedDependenciesChecker
> Task :lmedia:lmedia-core:checkKotlinGradlePluginConfigurationErrors SKIPPED
> Task :lmedia:lmedia-core:convertXmlValueResourcesForAndroidAndDesktop NO-SOURCE
> Task :lmedia:lmedia-core:copyNonXmlValueResourcesForAndroidAndDesktop NO-SOURCE
> Task :lmedia:lmedia-core:prepareComposeResourcesTaskForAndroidAndDesktop NO-SOURCE
> Task :lmedia:lmedia-core:generateResourceAccessorsForAndroidAndDesktop NO-SOURCE
> Task :lmedia:lmedia-core:convertXmlValueResourcesForAndroidMain NO-SOURCE
> Task :lmedia:lmedia-core:copyNonXmlValueResourcesForAndroidMain NO-SOURCE
> Task :lmedia:lmedia-core:prepareComposeResourcesTaskForAndroidMain NO-SOURCE
> Task :lmedia:lmedia-core:generateResourceAccessorsForAndroidMain NO-SOURCE
> Task :lmedia:lmedia-core:convertXmlValueResourcesForCommonMain UP-TO-DATE
> Task :lmedia:lmedia-core:copyNonXmlValueResourcesForCommonMain NO-SOURCE
> Task :lmedia:lmedia-core:prepareComposeResourcesTaskForCommonMain UP-TO-DATE
> Task :lmedia:lmedia-core:generateResourceAccessorsForCommonMain UP-TO-DATE
> Task :lmedia:lmedia-core:convertXmlValueResourcesForNonWebMain NO-SOURCE
> Task :lmedia:lmedia-core:copyNonXmlValueResourcesForNonWebMain NO-SOURCE
> Task :lmedia:lmedia-core:prepareComposeResourcesTaskForNonWebMain NO-SOURCE
> Task :lmedia:lmedia-core:generateResourceAccessorsForNonWebMain NO-SOURCE
> Task :lmedia:lmedia-core:generateActualResourceCollectorsForAndroidMain UP-TO-DATE
> Task :lmedia:lmedia-core:copyAndroidMainComposeResourcesToAndroidAssets UP-TO-DATE
> Task :lmedia:lmedia-core:packageAndroidMainResources UP-TO-DATE
> Task :lmedia:lmedia-core:parseAndroidMainLocalResources UP-TO-DATE
> Task :lmedia:lmedia-core:generateAndroidMainRFile UP-TO-DATE
> Task :lmedia:lmedia-core:generateComposeResClass UP-TO-DATE
> Task :lmedia:lmedia-core:generateExpectResourceCollectorsForCommonMain UP-TO-DATE
> Task :common:transformCommonMainDependenciesMetadata UP-TO-DATE
> Task :common:kspCommonMainKotlinMetadata SKIPPED
> Task :common:compileCommonMainKotlinMetadata UP-TO-DATE
> Task :common:generateProjectStructureMetadata UP-TO-DATE
> Task :common:metadataCommonMainProcessResources NO-SOURCE
> Task :common:metadataCommonMainClasses UP-TO-DATE
> Task :common:allMetadataJar UP-TO-DATE
> Task :common:exportCommonSourceSetsMetadataLocationsForMetadataApiElements UP-TO-DATE
> Task :lmedia:lmedia-domain:kmpPartiallyResolvedDependenciesChecker
> Task :lmedia:lmedia-domain:checkKotlinGradlePluginConfigurationErrors SKIPPED
> Task :lmedia:lmedia-domain:transformCommonMainDependenciesMetadata UP-TO-DATE
> Task :lmedia:lmedia-domain:kspCommonMainKotlinMetadata SKIPPED
> Task :lmedia:lmedia-domain:generateProjectStructureMetadata UP-TO-DATE
> Task :lmedia:lmedia-domain:metadataCommonMainProcessResources NO-SOURCE
> Task :lmedia:lmedia-domain:packageAndroidMainResources UP-TO-DATE
> Task :lmedia:lmedia-domain:parseAndroidMainLocalResources UP-TO-DATE
> Task :lmedia:lmedia-domain:generateAndroidMainRFile UP-TO-DATE
> Task :lmedia:lmedia-data:kmpPartiallyResolvedDependenciesChecker
> Task :lmedia:lmedia-data:checkKotlinGradlePluginConfigurationErrors SKIPPED
> Task :lmedia:lmedia-data:packageAndroidMainResources UP-TO-DATE
> Task :lmedia:lmedia-data:parseAndroidMainLocalResources UP-TO-DATE
> Task :lmedia:lmedia-data:generateAndroidMainRFile UP-TO-DATE
> Task :lmedia:lmedia-client:kmpPartiallyResolvedDependenciesChecker
> Task :lmedia:lmedia-client:checkKotlinGradlePluginConfigurationErrors SKIPPED
> Task :lmedia:lmedia-client:packageAndroidMainResources UP-TO-DATE
> Task :lmedia:lmedia-client:parseAndroidMainLocalResources UP-TO-DATE
> Task :lmedia:lmedia-client:generateAndroidMainRFile UP-TO-DATE
> Task :lmedia:lmedia-core:metadataCommonMainProcessResources NO-SOURCE
> Task :lmedia:lmedia-core:metadataNonWebMainProcessResources NO-SOURCE
> Task :common:exportRootPublicationCoordinatesForMetadataApiElements UP-TO-DATE
> Task :lmedia:lmedia-domain:exportRootPublicationCoordinatesForMetadataApiElements UP-TO-DATE
> Task :lmedia:lmedia-core:generateProjectStructureMetadata UP-TO-DATE
> Task :lmedia:lmedia-core:metadataAndroidAndDesktopProcessResources NO-SOURCE
> Task :lmedia:lmedia-stream:kmpPartiallyResolvedDependenciesChecker
> Task :lmedia:lmedia-stream:checkKotlinGradlePluginConfigurationErrors SKIPPED
> Task :lmedia:lmedia-stream:transformCommonMainDependenciesMetadata UP-TO-DATE
> Task :lmedia:lmedia-stream:compileCommonMainKotlinMetadata UP-TO-DATE
> Task :lmedia:lmedia-stream:metadataCommonMainProcessResources NO-SOURCE
> Task :lmedia:lmedia-stream:metadataCommonMainClasses UP-TO-DATE
> Task :lmedia:lmedia-stream:transformNonJvmMainDependenciesMetadata UP-TO-DATE
> Task :lmedia:lmedia-stream:compileNonJvmMainKotlinMetadata UP-TO-DATE
> Task :lmedia:lmedia-stream:generateProjectStructureMetadata UP-TO-DATE
> Task :lmedia:lmedia-stream:metadataNonJvmMainProcessResources NO-SOURCE
> Task :lmedia:lmedia-stream:metadataNonJvmMainClasses UP-TO-DATE
> Task :lmedia:lmedia-stream:allMetadataJar UP-TO-DATE
> Task :lmedia:lmedia-stream:exportCommonSourceSetsMetadataLocationsForMetadataApiElements UP-TO-DATE
> Task :lmedia:lmedia-stream:packageAndroidMainResources UP-TO-DATE
> Task :lmedia:lmedia-stream:parseAndroidMainLocalResources UP-TO-DATE
> Task :lmedia:lmedia-stream:generateAndroidMainRFile UP-TO-DATE
> Task :lmedia:lmedia-stream:compileAndroidMain UP-TO-DATE
> Task :lmedia:lmedia-stream:bundleAndroidMainClassesToCompileJar UP-TO-DATE
> Task :lmedia:lmedia-server:kmpPartiallyResolvedDependenciesChecker
> Task :lmedia:lmedia-server:checkKotlinGradlePluginConfigurationErrors SKIPPED
> Task :lmedia:lmedia-server:packageAndroidMainResources UP-TO-DATE
> Task :lmedia:lmedia-server:parseAndroidMainLocalResources UP-TO-DATE
> Task :lmedia:lmedia-server:generateAndroidMainRFile UP-TO-DATE
> Task :lmedia:lmedia-ui:kmpPartiallyResolvedDependenciesChecker
> Task :lmedia:lmedia-ui:checkKotlinGradlePluginConfigurationErrors SKIPPED
> Task :lmedia:lmedia-ui:convertXmlValueResourcesForAndroidMain NO-SOURCE
> Task :lmedia:lmedia-ui:copyNonXmlValueResourcesForAndroidMain NO-SOURCE
> Task :lmedia:lmedia-ui:prepareComposeResourcesTaskForAndroidMain NO-SOURCE
> Task :lmedia:lmedia-ui:generateResourceAccessorsForAndroidMain NO-SOURCE
> Task :lmedia:lmedia-ui:convertXmlValueResourcesForCommonMain NO-SOURCE
> Task :lmedia:lmedia-ui:copyNonXmlValueResourcesForCommonMain NO-SOURCE
> Task :lmedia:lmedia-ui:prepareComposeResourcesTaskForCommonMain NO-SOURCE
> Task :lmedia:lmedia-ui:generateResourceAccessorsForCommonMain NO-SOURCE
> Task :lmedia:lmedia-ui:generateActualResourceCollectorsForAndroidMain UP-TO-DATE
> Task :lmedia:lmedia-ui:copyAndroidMainComposeResourcesToAndroidAssets UP-TO-DATE
> Task :lmedia:lmedia-ui:packageAndroidMainResources UP-TO-DATE
> Task :lmedia:lmedia-ui:parseAndroidMainLocalResources UP-TO-DATE
> Task :lmedia:lmedia-ui:generateAndroidMainRFile UP-TO-DATE
> Task :lmedia:lmedia-ui:generateComposeResClass UP-TO-DATE
> Task :lmedia:lmedia-ui:generateExpectResourceCollectorsForCommonMain UP-TO-DATE
> Task :component:transformCommonMainDependenciesMetadata UP-TO-DATE
> Task :component:kspCommonMainKotlinMetadata SKIPPED
> Task :component:compileCommonMainKotlinMetadata UP-TO-DATE
> Task :component:generateProjectStructureMetadata UP-TO-DATE
> Task :component:metadataCommonMainProcessResources NO-SOURCE
> Task :component:metadataCommonMainClasses UP-TO-DATE
> Task :component:allMetadataJar UP-TO-DATE
> Task :lmedia:lmedia-core:exportRootPublicationCoordinatesForMetadataApiElements UP-TO-DATE
> Task :lmedia:lmedia-stream:exportRootPublicationCoordinatesForMetadataApiElements UP-TO-DATE
> Task :lmedia:lmedia-client:generateProjectStructureMetadata UP-TO-DATE
> Task :lmedia:lmedia-client:metadataCommonMainProcessResources NO-SOURCE
> Task :lmedia:lmedia-server:generateProjectStructureMetadata UP-TO-DATE
> Task :lmedia:lmedia-server:metadataCommonMainProcessResources NO-SOURCE
> Task :component:exportCommonSourceSetsMetadataLocationsForMetadataApiElements UP-TO-DATE
> Task :lartist:kmpPartiallyResolvedDependenciesChecker
> Task :lartist:checkKotlinGradlePluginConfigurationErrors SKIPPED
> Task :lartist:convertXmlValueResourcesForAndroidMain NO-SOURCE
> Task :lartist:copyNonXmlValueResourcesForAndroidMain NO-SOURCE
> Task :lartist:prepareComposeResourcesTaskForAndroidMain NO-SOURCE
> Task :lartist:generateResourceAccessorsForAndroidMain NO-SOURCE
> Task :lartist:convertXmlValueResourcesForCommonMain UP-TO-DATE
> Task :lartist:copyNonXmlValueResourcesForCommonMain NO-SOURCE
> Task :lartist:prepareComposeResourcesTaskForCommonMain UP-TO-DATE
> Task :lartist:generateResourceAccessorsForCommonMain UP-TO-DATE
> Task :lartist:generateActualResourceCollectorsForAndroidMain UP-TO-DATE
> Task :lartist:copyAndroidMainComposeResourcesToAndroidAssets UP-TO-DATE
> Task :lartist:packageAndroidMainResources UP-TO-DATE
> Task :lartist:parseAndroidMainLocalResources UP-TO-DATE
> Task :lartist:generateAndroidMainRFile UP-TO-DATE
> Task :lartist:generateComposeResClass UP-TO-DATE
> Task :lartist:generateExpectResourceCollectorsForCommonMain UP-TO-DATE
> Task :lhistory:kmpPartiallyResolvedDependenciesChecker
> Task :lhistory:checkKotlinGradlePluginConfigurationErrors SKIPPED
> Task :lhistory:convertXmlValueResourcesForAndroidMain NO-SOURCE
> Task :lhistory:copyNonXmlValueResourcesForAndroidMain NO-SOURCE
> Task :lhistory:prepareComposeResourcesTaskForAndroidMain NO-SOURCE
> Task :lhistory:generateResourceAccessorsForAndroidMain NO-SOURCE
> Task :lhistory:convertXmlValueResourcesForCommonMain UP-TO-DATE
> Task :lhistory:copyNonXmlValueResourcesForCommonMain NO-SOURCE
> Task :lhistory:prepareComposeResourcesTaskForCommonMain UP-TO-DATE
> Task :lhistory:generateResourceAccessorsForCommonMain UP-TO-DATE
> Task :lhistory:generateActualResourceCollectorsForAndroidMain UP-TO-DATE
> Task :lhistory:copyAndroidMainComposeResourcesToAndroidAssets UP-TO-DATE
> Task :lhistory:packageAndroidMainResources UP-TO-DATE
> Task :lhistory:parseAndroidMainLocalResources UP-TO-DATE
> Task :lhistory:generateAndroidMainRFile UP-TO-DATE
> Task :lhistory:generateComposeResClass UP-TO-DATE
> Task :lhistory:generateExpectResourceCollectorsForCommonMain UP-TO-DATE
> Task :lhome:kmpPartiallyResolvedDependenciesChecker
> Task :lhome:checkKotlinGradlePluginConfigurationErrors SKIPPED
> Task :lhome:convertXmlValueResourcesForAndroidMain NO-SOURCE
> Task :lhome:copyNonXmlValueResourcesForAndroidMain NO-SOURCE
> Task :lhome:prepareComposeResourcesTaskForAndroidMain NO-SOURCE
> Task :lhome:generateResourceAccessorsForAndroidMain NO-SOURCE
> Task :lhome:convertXmlValueResourcesForCommonMain UP-TO-DATE
> Task :lhome:copyNonXmlValueResourcesForCommonMain NO-SOURCE
> Task :lhome:prepareComposeResourcesTaskForCommonMain UP-TO-DATE
> Task :lhome:generateResourceAccessorsForCommonMain UP-TO-DATE
> Task :lhome:generateActualResourceCollectorsForAndroidMain UP-TO-DATE
> Task :lhome:copyAndroidMainComposeResourcesToAndroidAssets UP-TO-DATE
> Task :lhome:packageAndroidMainResources UP-TO-DATE
> Task :lhome:parseAndroidMainLocalResources UP-TO-DATE
> Task :lhome:generateAndroidMainRFile UP-TO-DATE
> Task :lhome:generateComposeResClass UP-TO-DATE
> Task :lhome:generateExpectResourceCollectorsForCommonMain UP-TO-DATE
> Task :lplaylist:kmpPartiallyResolvedDependenciesChecker
> Task :lplaylist:checkKotlinGradlePluginConfigurationErrors SKIPPED
> Task :lplaylist:convertXmlValueResourcesForAndroidMain NO-SOURCE
> Task :lplaylist:copyNonXmlValueResourcesForAndroidMain NO-SOURCE
> Task :lplaylist:prepareComposeResourcesTaskForAndroidMain NO-SOURCE
> Task :lplaylist:generateResourceAccessorsForAndroidMain NO-SOURCE
> Task :lplaylist:convertXmlValueResourcesForCommonMain UP-TO-DATE
> Task :lplaylist:copyNonXmlValueResourcesForCommonMain NO-SOURCE
> Task :lplaylist:prepareComposeResourcesTaskForCommonMain UP-TO-DATE
> Task :lplaylist:generateResourceAccessorsForCommonMain UP-TO-DATE
> Task :lplaylist:generateActualResourceCollectorsForAndroidMain UP-TO-DATE
> Task :lplaylist:copyAndroidMainComposeResourcesToAndroidAssets UP-TO-DATE
> Task :lplaylist:packageAndroidMainResources UP-TO-DATE
> Task :lplaylist:parseAndroidMainLocalResources UP-TO-DATE
> Task :lplaylist:generateAndroidMainRFile UP-TO-DATE
> Task :lplaylist:generateComposeResClass UP-TO-DATE
> Task :lplaylist:generateExpectResourceCollectorsForCommonMain UP-TO-DATE
> Task :lsearch:kmpPartiallyResolvedDependenciesChecker
> Task :lsearch:checkKotlinGradlePluginConfigurationErrors SKIPPED
> Task :lsearch:convertXmlValueResourcesForAndroidMain NO-SOURCE
> Task :lsearch:copyNonXmlValueResourcesForAndroidMain NO-SOURCE
> Task :lsearch:prepareComposeResourcesTaskForAndroidMain NO-SOURCE
> Task :lsearch:generateResourceAccessorsForAndroidMain NO-SOURCE
> Task :lsearch:convertXmlValueResourcesForCommonMain UP-TO-DATE
> Task :lsearch:copyNonXmlValueResourcesForCommonMain NO-SOURCE
> Task :lsearch:prepareComposeResourcesTaskForCommonMain UP-TO-DATE
> Task :lsearch:generateResourceAccessorsForCommonMain UP-TO-DATE
> Task :lsearch:generateActualResourceCollectorsForAndroidMain UP-TO-DATE
> Task :lsearch:copyAndroidMainComposeResourcesToAndroidAssets UP-TO-DATE
> Task :lsearch:packageAndroidMainResources UP-TO-DATE
> Task :lsearch:parseAndroidMainLocalResources UP-TO-DATE
> Task :lsearch:generateAndroidMainRFile UP-TO-DATE
> Task :lsearch:generateComposeResClass UP-TO-DATE
> Task :lsearch:generateExpectResourceCollectorsForCommonMain UP-TO-DATE
> Task :lmedia:lmedia-coil:kmpPartiallyResolvedDependenciesChecker
> Task :lmedia:lmedia-coil:checkKotlinGradlePluginConfigurationErrors SKIPPED
> Task :lmedia:lmedia-coil:packageAndroidMainResources UP-TO-DATE
> Task :lmedia:lmedia-coil:parseAndroidMainLocalResources UP-TO-DATE
> Task :lmedia:lmedia-coil:generateAndroidMainRFile UP-TO-DATE
> Task :androidApp:javaPreCompileDebug UP-TO-DATE
> Task :androidApp:generateDebugAssets UP-TO-DATE
> Task :common:generateAndroidMainAssets UP-TO-DATE
> Task :common:mergeAndroidMainAssets UP-TO-DATE
> Task :component:generateAndroidMainAssets UP-TO-DATE
> Task :component:mergeAndroidMainAssets UP-TO-DATE
> Task :composeApp:generateAndroidMainAssets UP-TO-DATE
> Task :composeApp:mergeAndroidMainAssets UP-TO-DATE
> Task :lalbum:generateAndroidMainAssets UP-TO-DATE
> Task :lalbum:mergeAndroidMainAssets UP-TO-DATE
> Task :lartist:generateAndroidMainAssets UP-TO-DATE
> Task :lartist:mergeAndroidMainAssets UP-TO-DATE
> Task :lfont:generateAndroidMainAssets UP-TO-DATE
> Task :lfont:mergeAndroidMainAssets UP-TO-DATE
> Task :lhistory:generateAndroidMainAssets UP-TO-DATE
> Task :lhistory:mergeAndroidMainAssets UP-TO-DATE
> Task :lhome:generateAndroidMainAssets UP-TO-DATE
> Task :lhome:mergeAndroidMainAssets UP-TO-DATE
> Task :llyric:generateAndroidMainAssets UP-TO-DATE
> Task :llyric:mergeAndroidMainAssets UP-TO-DATE
> Task :llyricview:generateAndroidMainAssets UP-TO-DATE
> Task :llyricview:mergeAndroidMainAssets UP-TO-DATE
> Task :lplayer:generateAndroidMainAssets UP-TO-DATE
> Task :lplayer:mergeAndroidMainAssets UP-TO-DATE
> Task :lplaylist:generateAndroidMainAssets UP-TO-DATE
> Task :lplaylist:mergeAndroidMainAssets UP-TO-DATE
> Task :lsearch:generateAndroidMainAssets UP-TO-DATE
> Task :lsearch:mergeAndroidMainAssets UP-TO-DATE
> Task :lsettings:generateAndroidMainAssets UP-TO-DATE
> Task :lsettings:mergeAndroidMainAssets UP-TO-DATE
> Task :lmedia:lmedia-client:generateAndroidMainAssets UP-TO-DATE
> Task :lmedia:lmedia-client:mergeAndroidMainAssets UP-TO-DATE
> Task :lmedia:lmedia-coil:generateAndroidMainAssets UP-TO-DATE
> Task :lmedia:lmedia-coil:mergeAndroidMainAssets UP-TO-DATE
> Task :lmedia:lmedia-core:generateAndroidMainAssets UP-TO-DATE
> Task :lmedia:lmedia-core:mergeAndroidMainAssets UP-TO-DATE
> Task :lmedia:lmedia-data:generateAndroidMainAssets UP-TO-DATE
> Task :lmedia:lmedia-data:mergeAndroidMainAssets UP-TO-DATE
> Task :lmedia:lmedia-domain:generateAndroidMainAssets UP-TO-DATE
> Task :lmedia:lmedia-domain:mergeAndroidMainAssets UP-TO-DATE
> Task :lmedia:lmedia-server:generateAndroidMainAssets UP-TO-DATE
> Task :lmedia:lmedia-server:mergeAndroidMainAssets UP-TO-DATE
> Task :lmedia:lmedia-stream:generateAndroidMainAssets UP-TO-DATE
> Task :lmedia:lmedia-stream:mergeAndroidMainAssets UP-TO-DATE
> Task :lmedia:lmedia-ui:generateAndroidMainAssets UP-TO-DATE
> Task :lmedia:lmedia-ui:mergeAndroidMainAssets UP-TO-DATE
> Task :androidApp:mergeDebugAssets UP-TO-DATE
> Task :androidApp:compressDebugAssets UP-TO-DATE
> Task :common:bundleAndroidMainClassesToRuntimeJar UP-TO-DATE
> Task :component:bundleAndroidMainClassesToRuntimeJar UP-TO-DATE
> Task :lfont:bundleAndroidMainClassesToRuntimeJar UP-TO-DATE
> Task :llyric:bundleAndroidMainClassesToRuntimeJar UP-TO-DATE
> Task :llyricview:bundleAndroidMainClassesToRuntimeJar UP-TO-DATE
> Task :lsettings:bundleAndroidMainClassesToRuntimeJar UP-TO-DATE
> Task :lmedia:lmedia-stream:bundleAndroidMainClassesToRuntimeJar UP-TO-DATE
> Task :androidApp:desugarDebugFileDependencies UP-TO-DATE
> Task :common:writeAndroidMainAarMetadata UP-TO-DATE
> Task :component:writeAndroidMainAarMetadata UP-TO-DATE
> Task :composeApp:writeAndroidMainAarMetadata UP-TO-DATE
> Task :lalbum:writeAndroidMainAarMetadata UP-TO-DATE
> Task :lartist:writeAndroidMainAarMetadata UP-TO-DATE
> Task :lfont:writeAndroidMainAarMetadata UP-TO-DATE
> Task :lhistory:writeAndroidMainAarMetadata UP-TO-DATE
> Task :lhome:writeAndroidMainAarMetadata UP-TO-DATE
> Task :llyric:writeAndroidMainAarMetadata UP-TO-DATE
> Task :llyricview:writeAndroidMainAarMetadata UP-TO-DATE
> Task :lplayer:writeAndroidMainAarMetadata UP-TO-DATE
> Task :lplaylist:writeAndroidMainAarMetadata UP-TO-DATE
> Task :lsearch:writeAndroidMainAarMetadata UP-TO-DATE
> Task :lsettings:writeAndroidMainAarMetadata UP-TO-DATE
> Task :lmedia:lmedia-client:writeAndroidMainAarMetadata UP-TO-DATE
> Task :lmedia:lmedia-coil:writeAndroidMainAarMetadata UP-TO-DATE
> Task :lmedia:lmedia-core:writeAndroidMainAarMetadata UP-TO-DATE
> Task :lmedia:lmedia-data:writeAndroidMainAarMetadata UP-TO-DATE
> Task :lmedia:lmedia-domain:writeAndroidMainAarMetadata UP-TO-DATE
> Task :lmedia:lmedia-server:writeAndroidMainAarMetadata UP-TO-DATE
> Task :lmedia:lmedia-stream:writeAndroidMainAarMetadata UP-TO-DATE
> Task :lmedia:lmedia-ui:writeAndroidMainAarMetadata UP-TO-DATE
> Task :androidApp:checkDebugAarMetadata UP-TO-DATE
> Task :androidApp:compileDebugNavigationResources UP-TO-DATE
> Task :androidApp:mapDebugSourceSetPaths UP-TO-DATE
> Task :androidApp:mergeDebugResources UP-TO-DATE
> Task :androidApp:createDebugCompatibleScreenManifests UP-TO-DATE
> Task :androidApp:extractDeepLinksDebug UP-TO-DATE
> Task :common:processAndroidMainManifest UP-TO-DATE
> Task :component:processAndroidMainManifest UP-TO-DATE
> Task :composeApp:processAndroidMainManifest UP-TO-DATE
> Task :lalbum:processAndroidMainManifest UP-TO-DATE
> Task :lartist:processAndroidMainManifest UP-TO-DATE
> Task :lfont:processAndroidMainManifest UP-TO-DATE
> Task :lhistory:processAndroidMainManifest UP-TO-DATE
> Task :lhome:processAndroidMainManifest UP-TO-DATE
> Task :llyric:processAndroidMainManifest UP-TO-DATE
> Task :llyricview:processAndroidMainManifest UP-TO-DATE
> Task :lplayer:processAndroidMainManifest UP-TO-DATE
> Task :lplaylist:processAndroidMainManifest UP-TO-DATE
> Task :lsearch:processAndroidMainManifest UP-TO-DATE
> Task :lsettings:processAndroidMainManifest UP-TO-DATE
> Task :lmedia:lmedia-client:processAndroidMainManifest UP-TO-DATE
> Task :lmedia:lmedia-coil:processAndroidMainManifest UP-TO-DATE
> Task :lmedia:lmedia-core:processAndroidMainManifest UP-TO-DATE
> Task :lmedia:lmedia-data:processAndroidMainManifest UP-TO-DATE
> Task :lmedia:lmedia-domain:processAndroidMainManifest UP-TO-DATE
> Task :lmedia:lmedia-server:processAndroidMainManifest UP-TO-DATE
> Task :lmedia:lmedia-stream:processAndroidMainManifest UP-TO-DATE
> Task :lmedia:lmedia-ui:processAndroidMainManifest UP-TO-DATE
> Task :androidApp:processDebugMainManifest UP-TO-DATE
> Task :androidApp:processDebugManifest UP-TO-DATE
> Task :androidApp:processDebugManifestForPackage UP-TO-DATE
> Task :common:compileAndroidMainLibraryResources UP-TO-DATE
> Task :component:compileAndroidMainLibraryResources UP-TO-DATE
> Task :composeApp:compileAndroidMainLibraryResources UP-TO-DATE
> Task :lalbum:compileAndroidMainLibraryResources UP-TO-DATE
> Task :lartist:compileAndroidMainLibraryResources UP-TO-DATE
> Task :lfont:compileAndroidMainLibraryResources UP-TO-DATE
> Task :lhistory:compileAndroidMainLibraryResources UP-TO-DATE
> Task :lhome:compileAndroidMainLibraryResources UP-TO-DATE
> Task :llyric:compileAndroidMainLibraryResources UP-TO-DATE
> Task :llyricview:compileAndroidMainLibraryResources UP-TO-DATE
> Task :lplayer:compileAndroidMainLibraryResources UP-TO-DATE
> Task :lplaylist:compileAndroidMainLibraryResources UP-TO-DATE
> Task :lsearch:compileAndroidMainLibraryResources UP-TO-DATE
> Task :lsettings:compileAndroidMainLibraryResources UP-TO-DATE
> Task :lmedia:lmedia-client:compileAndroidMainLibraryResources UP-TO-DATE
> Task :lmedia:lmedia-coil:compileAndroidMainLibraryResources UP-TO-DATE
> Task :lmedia:lmedia-core:compileAndroidMainLibraryResources UP-TO-DATE
> Task :lmedia:lmedia-data:compileAndroidMainLibraryResources UP-TO-DATE
> Task :lmedia:lmedia-domain:compileAndroidMainLibraryResources UP-TO-DATE
> Task :lmedia:lmedia-server:compileAndroidMainLibraryResources UP-TO-DATE
> Task :lmedia:lmedia-stream:compileAndroidMainLibraryResources UP-TO-DATE
> Task :lmedia:lmedia-ui:compileAndroidMainLibraryResources UP-TO-DATE
> Task :lmedia:lmedia-domain:kspAndroidMain
> Task :androidApp:processDebugResources UP-TO-DATE
> Task :common:processAndroidMainJavaRes UP-TO-DATE
> Task :component:processAndroidMainJavaRes UP-TO-DATE
> Task :lfont:processAndroidMainJavaRes UP-TO-DATE
> Task :llyric:processAndroidMainJavaRes UP-TO-DATE
> Task :llyricview:processAndroidMainJavaRes UP-TO-DATE
> Task :lsettings:processAndroidMainJavaRes UP-TO-DATE
> Task :lmedia:lmedia-stream:processAndroidMainJavaRes UP-TO-DATE
> Task :androidApp:checkDebugDuplicateClasses UP-TO-DATE
> Task :androidApp:mergeExtDexDebug UP-TO-DATE
> Task :androidApp:mergeDebugJniLibFolders UP-TO-DATE
> Task :common:mergeAndroidMainJniLibFolders UP-TO-DATE
> Task :common:mergeAndroidMainNativeLibs NO-SOURCE
> Task :common:copyAndroidMainJniLibsProjectOnly UP-TO-DATE
> Task :component:mergeAndroidMainJniLibFolders UP-TO-DATE
> Task :component:mergeAndroidMainNativeLibs NO-SOURCE
> Task :component:copyAndroidMainJniLibsProjectOnly UP-TO-DATE
> Task :composeApp:mergeAndroidMainJniLibFolders UP-TO-DATE
> Task :composeApp:mergeAndroidMainNativeLibs NO-SOURCE
> Task :composeApp:copyAndroidMainJniLibsProjectOnly UP-TO-DATE
> Task :lalbum:mergeAndroidMainJniLibFolders UP-TO-DATE
> Task :lalbum:mergeAndroidMainNativeLibs NO-SOURCE
> Task :lalbum:copyAndroidMainJniLibsProjectOnly UP-TO-DATE
> Task :lartist:mergeAndroidMainJniLibFolders UP-TO-DATE
> Task :lartist:mergeAndroidMainNativeLibs NO-SOURCE
> Task :lartist:copyAndroidMainJniLibsProjectOnly UP-TO-DATE
> Task :lfont:mergeAndroidMainJniLibFolders UP-TO-DATE
> Task :lfont:mergeAndroidMainNativeLibs NO-SOURCE
> Task :lfont:copyAndroidMainJniLibsProjectOnly UP-TO-DATE
> Task :lhistory:mergeAndroidMainJniLibFolders UP-TO-DATE
> Task :lhistory:mergeAndroidMainNativeLibs NO-SOURCE
> Task :lhistory:copyAndroidMainJniLibsProjectOnly UP-TO-DATE
> Task :lhome:mergeAndroidMainJniLibFolders UP-TO-DATE
> Task :lhome:mergeAndroidMainNativeLibs NO-SOURCE
> Task :lhome:copyAndroidMainJniLibsProjectOnly UP-TO-DATE
> Task :llyric:mergeAndroidMainJniLibFolders UP-TO-DATE
> Task :llyric:mergeAndroidMainNativeLibs NO-SOURCE
> Task :llyric:copyAndroidMainJniLibsProjectOnly UP-TO-DATE
> Task :llyricview:mergeAndroidMainJniLibFolders UP-TO-DATE
> Task :llyricview:mergeAndroidMainNativeLibs NO-SOURCE
> Task :llyricview:copyAndroidMainJniLibsProjectOnly UP-TO-DATE
> Task :lplayer:mergeAndroidMainJniLibFolders UP-TO-DATE
> Task :lplayer:mergeAndroidMainNativeLibs NO-SOURCE
> Task :lplayer:copyAndroidMainJniLibsProjectOnly UP-TO-DATE
> Task :lplaylist:mergeAndroidMainJniLibFolders UP-TO-DATE
> Task :lplaylist:mergeAndroidMainNativeLibs NO-SOURCE
> Task :lplaylist:copyAndroidMainJniLibsProjectOnly UP-TO-DATE
> Task :lsearch:mergeAndroidMainJniLibFolders UP-TO-DATE
> Task :lsearch:mergeAndroidMainNativeLibs NO-SOURCE
> Task :lsearch:copyAndroidMainJniLibsProjectOnly UP-TO-DATE
> Task :lsettings:mergeAndroidMainJniLibFolders UP-TO-DATE
> Task :lsettings:mergeAndroidMainNativeLibs NO-SOURCE
> Task :lsettings:copyAndroidMainJniLibsProjectOnly UP-TO-DATE
> Task :lmedia:lmedia-client:mergeAndroidMainJniLibFolders UP-TO-DATE
> Task :lmedia:lmedia-client:mergeAndroidMainNativeLibs NO-SOURCE
> Task :lmedia:lmedia-client:copyAndroidMainJniLibsProjectOnly UP-TO-DATE
> Task :lmedia:lmedia-coil:mergeAndroidMainJniLibFolders UP-TO-DATE
> Task :lmedia:lmedia-coil:mergeAndroidMainNativeLibs NO-SOURCE
> Task :lmedia:lmedia-coil:copyAndroidMainJniLibsProjectOnly UP-TO-DATE
> Task :lmedia:lmedia-core:mergeAndroidMainJniLibFolders UP-TO-DATE
> Task :lmedia:lmedia-core:mergeAndroidMainNativeLibs UP-TO-DATE
> Task :lmedia:lmedia-core:copyAndroidMainJniLibsProjectOnly UP-TO-DATE
> Task :lmedia:lmedia-data:mergeAndroidMainJniLibFolders UP-TO-DATE
> Task :lmedia:lmedia-data:mergeAndroidMainNativeLibs NO-SOURCE
> Task :lmedia:lmedia-data:copyAndroidMainJniLibsProjectOnly UP-TO-DATE
> Task :lmedia:lmedia-domain:mergeAndroidMainJniLibFolders UP-TO-DATE
> Task :lmedia:lmedia-domain:mergeAndroidMainNativeLibs NO-SOURCE
> Task :lmedia:lmedia-domain:copyAndroidMainJniLibsProjectOnly UP-TO-DATE
> Task :lmedia:lmedia-server:mergeAndroidMainJniLibFolders UP-TO-DATE
> Task :lmedia:lmedia-server:mergeAndroidMainNativeLibs NO-SOURCE
> Task :lmedia:lmedia-server:copyAndroidMainJniLibsProjectOnly UP-TO-DATE
> Task :lmedia:lmedia-stream:mergeAndroidMainJniLibFolders UP-TO-DATE
> Task :lmedia:lmedia-stream:mergeAndroidMainNativeLibs NO-SOURCE
> Task :lmedia:lmedia-stream:copyAndroidMainJniLibsProjectOnly UP-TO-DATE
> Task :lmedia:lmedia-ui:mergeAndroidMainJniLibFolders UP-TO-DATE
> Task :lmedia:lmedia-ui:mergeAndroidMainNativeLibs NO-SOURCE
> Task :lmedia:lmedia-ui:copyAndroidMainJniLibsProjectOnly UP-TO-DATE
> Task :androidApp:mergeDebugNativeLibs UP-TO-DATE
> Task :androidApp:stripDebugDebugSymbols UP-TO-DATE
> Task :androidApp:validateSigningDebug UP-TO-DATE
> Task :androidApp:writeDebugAppMetadata UP-TO-DATE
> Task :androidApp:writeDebugSigningConfigVersions UP-TO-DATE

> Task :lmedia:lmedia-domain:compileCommonMainKotlinMetadata
w: file:///C:/Users/12483/IdeaProjects/LMusic-KMP-2/lmedia/lmedia-domain/src/commonMain/kotlin/com/lalilu/lmedia/domain/source/MediaDataSource.kt:32:9 'suspend fun getPicture(song: LAudio): MediaData?' is deprecated. Use getPicture(song, options) instead.

> Task :lmedia:lmedia-domain:metadataCommonMainClasses
> Task :lmedia:lmedia-domain:allMetadataJar
> Task :lmedia:lmedia-domain:exportCommonSourceSetsMetadataLocationsForMetadataApiElements

> Task :lmedia:lmedia-domain:compileAndroidMain
w: file:///C:/Users/12483/IdeaProjects/LMusic-KMP-2/lmedia/lmedia-domain/src/commonMain/kotlin/com/lalilu/lmedia/domain/source/MediaDataSource.kt:32:9 'suspend fun getPicture(song: LAudio): MediaData?' is deprecated. Use getPicture(song, options) instead.

> Task :lmedia:lmedia-core:transformCommonMainDependenciesMetadata
> Task :lmedia:lmedia-domain:bundleAndroidMainClassesToCompileJar
> Task :lmedia:lmedia-core:transformNonWebMainDependenciesMetadata
> Task :lmedia:lmedia-core:transformAndroidAndDesktopDependenciesMetadata
> Task :lmedia:lmedia-domain:processAndroidMainJavaRes UP-TO-DATE
> Task :lmedia:lmedia-domain:bundleAndroidMainClassesToRuntimeJar
> Task :lmedia:lmedia-core:kspCommonMainKotlinMetadata
> Task :lmedia:lmedia-core:kspAndroidMain
> Task :lmedia:lmedia-core:compileAndroidMain
> Task :lmedia:lmedia-core:bundleAndroidMainClassesToCompileJar UP-TO-DATE
> Task :lmedia:lmedia-core:bundleAndroidMainClassesToRuntimeJar UP-TO-DATE
> Task :lmedia:lmedia-core:processAndroidMainJavaRes UP-TO-DATE

> Task :lmedia:lmedia-data:kspAndroidMain
w: [ksp] Definition com.lalilu.lmedia.data.repository.MediaSourceBindingRepositoryImpl is using parameter 'scope' with default value. Injection is skipped for this parameter.

> Task :lmedia:lmedia-data:compileAndroidMain
> Task :lmedia:lmedia-data:bundleAndroidMainClassesToCompileJar UP-TO-DATE
> Task :lmedia:lmedia-data:bundleAndroidMainClassesToRuntimeJar UP-TO-DATE
> Task :lmedia:lmedia-data:processAndroidMainJavaRes UP-TO-DATE
> Task :lmedia:lmedia-core:compileCommonMainKotlinMetadata
> Task :lmedia:lmedia-core:metadataCommonMainClasses

> Task :lplayer:kspAndroidMain
w: [ksp] Definition com.lalilu.lplayer.playback.HistoryStorageImpl is using parameter 'kv' with default value. Injection is skipped for this parameter.

> Task :lmedia:lmedia-core:kspNonWebMainKotlinMetadata
> Task :lmedia:lmedia-core:compileNonWebMainKotlinMetadata SKIPPED
> Task :lmedia:lmedia-core:metadataNonWebMainClasses UP-TO-DATE
> Task :lplayer:compileAndroidMain
> Task :lplayer:bundleAndroidMainClassesToCompileJar UP-TO-DATE
> Task :lplayer:bundleAndroidMainClassesToRuntimeJar UP-TO-DATE
> Task :lplayer:processAndroidMainJavaRes UP-TO-DATE
> Task :lmedia:lmedia-core:kspAndroidAndDesktopKotlinMetadata
> Task :lmedia:lmedia-core:compileAndroidAndDesktopKotlinMetadata SKIPPED
> Task :lmedia:lmedia-core:metadataAndroidAndDesktopClasses UP-TO-DATE
> Task :lmedia:lmedia-core:allMetadataJar UP-TO-DATE
> Task :lmedia:lmedia-core:exportCommonSourceSetsMetadataLocationsForMetadataApiElements UP-TO-DATE
> Task :lmedia:lmedia-client:transformCommonMainDependenciesMetadata
> Task :lmedia:lmedia-server:transformCommonMainDependenciesMetadata
> Task :lmedia:lmedia-client:kspCommonMainKotlinMetadata
> Task :lmedia:lmedia-server:kspCommonMainKotlinMetadata
> Task :lmedia:lmedia-coil:transformCommonMainDependenciesMetadata
> Task :lmedia:lmedia-server:kspAndroidMain
> Task :lmedia:lmedia-server:compileAndroidMain
> Task :lmedia:lmedia-server:bundleAndroidMainClassesToCompileJar UP-TO-DATE
> Task :lmedia:lmedia-server:bundleAndroidMainClassesToRuntimeJar UP-TO-DATE
> Task :lmedia:lmedia-server:processAndroidMainJavaRes UP-TO-DATE
> Task :lmedia:lmedia-client:kspAndroidMain
> Task :lmedia:lmedia-coil:kspCommonMainKotlinMetadata
> Task :lmedia:lmedia-coil:kspAndroidMain
> Task :lmedia:lmedia-coil:compileAndroidMain
> Task :lmedia:lmedia-coil:bundleAndroidMainClassesToCompileJar UP-TO-DATE
> Task :lmedia:lmedia-coil:bundleAndroidMainClassesToRuntimeJar UP-TO-DATE
> Task :lmedia:lmedia-coil:processAndroidMainJavaRes UP-TO-DATE

> Task :lmedia:lmedia-server:compileCommonMainKotlinMetadata
w: file:///C:/Users/12483/IdeaProjects/LMusic-KMP-2/lmedia/lmedia-server/src/commonMain/kotlin/com/lalilu/lmedia/server/LMediaServer.kt:159:58 'suspend fun getPicture(song: LAudio): MediaData?' is deprecated. Use getPicture(song, options) instead.

> Task :lmedia:lmedia-server:metadataCommonMainClasses
> Task :lmedia:lmedia-server:allMetadataJar UP-TO-DATE
> Task :lmedia:lmedia-server:exportCommonSourceSetsMetadataLocationsForMetadataApiElements UP-TO-DATE

> Task :lmedia:lmedia-client:compileCommonMainKotlinMetadata
w: file:///C:/Users/12483/IdeaProjects/LMusic-KMP-2/lmedia/lmedia-client/src/commonMain/kotlin/com/lalilu/lmedia/source/RemoteSource.kt:223:26 This declaration overrides a deprecated member but is not marked as deprecated itself. Add the '@Deprecated' annotation or suppress the diagnostic.
w: file:///C:/Users/12483/IdeaProjects/LMusic-KMP-2/lmedia/lmedia-client/src/commonMain/kotlin/com/lalilu/lmedia/source/subsonic/SubsonicSource.kt:398:26 This declaration overrides a deprecated member but is not marked as deprecated itself. Add the '@Deprecated' annotation or suppress the diagnostic.
w: file:///C:/Users/12483/IdeaProjects/LMusic-KMP-2/lmedia/lmedia-client/src/commonMain/kotlin/com/lalilu/lmedia/source/webdav/WebDavXml.kt:6:8 'expect object XmlStreaming : IXmlStreaming' is deprecated. Don't use directly.
w: file:///C:/Users/12483/IdeaProjects/LMusic-KMP-2/lmedia/lmedia-client/src/commonMain/kotlin/com/lalilu/lmedia/source/webdav/WebDavXml.kt:29:22 'expect object XmlStreaming : IXmlStreaming' is deprecated. Don't use directly.

> Task :lmedia:lmedia-client:metadataCommonMainClasses
> Task :lmedia:lmedia-client:allMetadataJar
> Task :lmedia:lmedia-client:exportCommonSourceSetsMetadataLocationsForMetadataApiElements

> Task :lmedia:lmedia-client:compileAndroidMain
w: file:///C:/Users/12483/IdeaProjects/LMusic-KMP-2/lmedia/lmedia-client/src/commonMain/kotlin/com/lalilu/lmedia/source/RemoteSource.kt:223:26 This declaration overrides a deprecated member but is not marked as deprecated itself. Add the '@Deprecated' annotation or suppress the diagnostic.
w: file:///C:/Users/12483/IdeaProjects/LMusic-KMP-2/lmedia/lmedia-client/src/commonMain/kotlin/com/lalilu/lmedia/source/subsonic/SubsonicSource.kt:398:26 This declaration overrides a deprecated member but is not marked as deprecated itself. Add the '@Deprecated' annotation or suppress the diagnostic.
w: file:///C:/Users/12483/IdeaProjects/LMusic-KMP-2/lmedia/lmedia-client/src/commonMain/kotlin/com/lalilu/lmedia/source/webdav/WebDavXml.kt:6:8 'object XmlStreaming : XmlStreamingJavaCommon, IXmlStreaming' is deprecated. Don't use directly.
w: file:///C:/Users/12483/IdeaProjects/LMusic-KMP-2/lmedia/lmedia-client/src/commonMain/kotlin/com/lalilu/lmedia/source/webdav/WebDavXml.kt:29:22 'object XmlStreaming : XmlStreamingJavaCommon, IXmlStreaming' is deprecated. Don't use directly.
w: file:///C:/Users/12483/IdeaProjects/LMusic-KMP-2/lmedia/lmedia-client/src/commonMain/kotlin/com/lalilu/lmedia/source/webdav/WebDavXml.kt:29:35 'fun newReader(input: String): XmlReader' is deprecated. Use the version taking a CharSequence.

> Task :lmedia:lmedia-ui:transformCommonMainDependenciesMetadata
> Task :lmedia:lmedia-client:processAndroidMainJavaRes UP-TO-DATE
> Task :lmedia:lmedia-client:bundleAndroidMainClassesToCompileJar
> Task :lmedia:lmedia-client:bundleAndroidMainClassesToRuntimeJar
> Task :lmedia:lmedia-ui:kspCommonMainKotlinMetadata
> Task :lmedia:lmedia-ui:kspAndroidMain

> Task :lmedia:lmedia-ui:compileAndroidMain
w: file:///C:/Users/12483/IdeaProjects/LMusic-KMP-2/lmedia/lmedia-ui/src/commonMain/kotlin/com/lalilu/lmedia/LMediaSettings.kt:32:13 This is a delicate API and its use requires care. Make sure you fully read and understand documentation of the declaration that is marked as a delicate API.

> Task :lmedia:lmedia-ui:bundleAndroidMainClassesToCompileJar UP-TO-DATE
> Task :lmedia:lmedia-ui:bundleAndroidMainClassesToRuntimeJar UP-TO-DATE
> Task :lmedia:lmedia-ui:processAndroidMainJavaRes UP-TO-DATE

> Task :lalbum:kspAndroidMain
w: [ksp] Definition com.lalilu.lalbum.viewmodel.AlbumDetailVM is using parameter 'album' with default value. Injection is skipped for this parameter.

> Task :lartist:kspAndroidMain
> Task :lhistory:kspAndroidMain
> Task :lalbum:compileAndroidMain
> Task :lalbum:bundleAndroidMainClassesToCompileJar UP-TO-DATE
> Task :lhome:kspAndroidMain
> Task :lartist:compileAndroidMain
> Task :lartist:bundleAndroidMainClassesToCompileJar UP-TO-DATE

> Task :lplaylist:kspAndroidMain
w: [ksp] Definition com.lalilu.lplaylist.viewmodel.PlaylistEditVM is using parameter 'actualId' with default value. Injection is skipped for this parameter.

> Task :lhistory:compileAndroidMain
> Task :lhistory:bundleAndroidMainClassesToCompileJar UP-TO-DATE
> Task :lhome:compileAndroidMain
> Task :lhome:bundleAndroidMainClassesToCompileJar UP-TO-DATE
> Task :lalbum:bundleAndroidMainClassesToRuntimeJar UP-TO-DATE
> Task :lartist:bundleAndroidMainClassesToRuntimeJar UP-TO-DATE
> Task :lhistory:bundleAndroidMainClassesToRuntimeJar UP-TO-DATE
> Task :lhome:bundleAndroidMainClassesToRuntimeJar UP-TO-DATE
> Task :lalbum:processAndroidMainJavaRes UP-TO-DATE
> Task :lartist:processAndroidMainJavaRes UP-TO-DATE
> Task :lhistory:processAndroidMainJavaRes UP-TO-DATE
> Task :lhome:processAndroidMainJavaRes UP-TO-DATE
> Task :lplaylist:compileAndroidMain
> Task :lplaylist:bundleAndroidMainClassesToCompileJar UP-TO-DATE
> Task :lplaylist:bundleAndroidMainClassesToRuntimeJar UP-TO-DATE
> Task :lplaylist:processAndroidMainJavaRes UP-TO-DATE
> Task :lsearch:kspAndroidMain
> Task :lsearch:compileAndroidMain
> Task :lsearch:bundleAndroidMainClassesToCompileJar UP-TO-DATE
> Task :lsearch:bundleAndroidMainClassesToRuntimeJar UP-TO-DATE
> Task :lsearch:processAndroidMainJavaRes UP-TO-DATE

> Task :composeApp:kspAndroidMain
w: [ksp] The column song_id in the junction entity com.lalilu.lmedia.`data`.database.relation.CrossRefLAudioXLArtist is being used to resolve a relationship but it is not covered by any index. This might cause a full table scan when resolving the relationship, it is highly advised to create an index that covers this column. - songId in com.lalilu.lmedia.data.database.relation.CrossRefLAudioXLArtist
w: [ksp] The column song_id in the junction entity com.lalilu.lmedia.`data`.database.relation.CrossRefLAudioXAlbum is being used to resolve a relationship but it is not covered by any index. This might cause a full table scan when resolving the relationship, it is highly advised to create an index that covers this column. - songId in com.lalilu.lmedia.data.database.relation.CrossRefLAudioXAlbum
w: [ksp] The column song_id in the junction entity com.lalilu.lmedia.`data`.database.relation.CrossRefLAudioXGenre is being used to resolve a relationship but it is not covered by any index. This might cause a full table scan when resolving the relationship, it is highly advised to create an index that covers this column. - songId in com.lalilu.lmedia.data.database.relation.CrossRefLAudioXGenre
w: [ksp] The column song_id in the junction entity com.lalilu.lmedia.`data`.database.relation.CrossRefLAudioXLArtist is being used to resolve a relationship but it is not covered by any index. This might cause a full table scan when resolving the relationship, it is highly advised to create an index that covers this column. - songId in com.lalilu.lmedia.data.database.relation.CrossRefLAudioXLArtist
w: [ksp] The column song_id in the junction entity com.lalilu.lmedia.`data`.database.relation.CrossRefLAudioXAlbum is being used to resolve a relationship but it is not covered by any index. This might cause a full table scan when resolving the relationship, it is highly advised to create an index that covers this column. - songId in com.lalilu.lmedia.data.database.relation.CrossRefLAudioXAlbum
w: [ksp] The column song_id in the junction entity com.lalilu.lmedia.`data`.database.relation.CrossRefLAudioXGenre is being used to resolve a relationship but it is not covered by any index. This might cause a full table scan when resolving the relationship, it is highly advised to create an index that covers this column. - songId in com.lalilu.lmedia.data.database.relation.CrossRefLAudioXGenre
w: [ksp] ╔═══════════════════════════════════════
║  📦 KRouter Collect Report
║  ─────────────────────────────
║
║  🧭  Destinations (25):
║     • com.lalilu.lmusic.screen.ExceptionScreen
║     • com.lalilu.lmusic.screen.LoggerScreen
║     • com.lalilu.lmusic.settings.DisplayCornerSettingsScreen
║     • com.lalilu.lmedia.screen.MediaSourceScreen
║     • com.lalilu.lmedia.screen.SandboxMediaSourceScreen
║     • com.lalilu.lhistory.screen.HistoryScreen
║     • com.lalilu.llyricview.LyricOffsetCalibrationScreen
║     • com.lalilu.llyricview.LyricSettingsScreen
║     • com.lalilu.lsettings.SettingsScreen
║     • com.lalilu.lplaylist.screen.PlaylistAddToScreen
║     • com.lalilu.lplaylist.screen.PlaylistDetailScreen
║     • com.lalilu.lplaylist.screen.PlaylistEditScreen
║     • com.lalilu.lplaylist.screen.PlaylistScreen
║     • com.lalilu.lsearch.screen.SearchScreen
║     • com.lalilu.lplayer.screen.PlayerScreen
║     • com.lalilu.lplayer.screen.PlayerScreenForPad
║     • com.lalilu.lfont.screen.FontDetailScreen
║     • com.lalilu.lfont.screen.FontsScreen
║     • com.lalilu.lartist.screen.ArtistDetailScreen
║     • com.lalilu.lartist.screen.ArtistsScreen
║     • com.lalilu.lhome.screen.HomeScreen
║     • com.lalilu.lhome.screen.SongDetailScreen
║     • com.lalilu.lhome.screen.songs.SongsScreen
║     • com.lalilu.lalbum.screen.AlbumDetailScreen
║     • com.lalilu.lalbum.screen.AlbumsScreen
║
║  📦  Extra in Services (17):
║     • org.koin.ksp.generated.LHomeModuleProvider  [ModuleProvide, StabilityInferred]
║     • org.koin.ksp.generated.LMediaClientModuleProvider  [ModuleProvide]
║     • org.koin.ksp.generated.LMediaUiModuleProvider  [ModuleProvide, StabilityInferred]
║     • org.koin.ksp.generated.LSearchModuleProvider  [ModuleProvide, StabilityInferred]
║     • org.koin.ksp.generated.LLyricViewModuleProvider  [ModuleProvide, StabilityInferred]
║     • org.koin.ksp.generated.LMediaDataModuleProvider  [ModuleProvide]
║     • org.koin.ksp.generated.LArtistModuleProvider  [ModuleProvide, StabilityInferred]
║     • org.koin.ksp.generated.LFontModuleProvider  [ModuleProvide, StabilityInferred]
║     • org.koin.ksp.generated.LMediaModuleProvider  [ModuleProvide, StabilityInferred]
║     • org.koin.ksp.generated.LHistoryModuleProvider  [ModuleProvide, StabilityInferred]
║     • org.koin.ksp.generated.LPlaylistModuleProvider  [ModuleProvide, StabilityInferred]
║     • org.koin.ksp.generated.LAlbumModuleProvider  [ModuleProvide, StabilityInferred]
║     • org.koin.ksp.generated.LSettingsModuleProvider  [ModuleProvide, StabilityInferred]
║     • org.koin.ksp.generated.LMediaDomainModuleProvider  [ModuleProvide]
║     • org.koin.ksp.generated.LPlayerModuleAndroidProvider  [ModuleProvide, StabilityInferred]
║     • org.koin.ksp.generated.LPlayerModuleProvider  [ModuleProvide, StabilityInferred]
║     • org.koin.ksp.generated.AppModuleProvider  [ModuleProvide]
║
║  🏷️  Extra Annotation Config:
║     [ModuleProvide]  ✅ 17 classes  (org.koin.core.annotation.ModuleProvide)
╚═══════════════════════════════════════

> Task :composeApp:compileAndroidMain
> Task :composeApp:bundleAndroidMainClassesToCompileJar UP-TO-DATE
> Task :composeApp:bundleAndroidMainClassesToRuntimeJar UP-TO-DATE
> Task :composeApp:processAndroidMainJavaRes UP-TO-DATE
> Task :androidApp:compileDebugKotlin
> Task :androidApp:compileDebugJavaWithJavac NO-SOURCE
> Task :androidApp:dexBuilderDebug
> Task :androidApp:processDebugJavaRes UP-TO-DATE
> Task :androidApp:mergeDebugJavaResource UP-TO-DATE
> Task :androidApp:mergeProjectDexDebug UP-TO-DATE
> Task :androidApp:mergeDebugGlobalSynthetics UP-TO-DATE
> Task :androidApp:mergeLibDexDebug
> Task :androidApp:packageDebug
> Task :androidApp:createDebugApkListingFileRedirect UP-TO-DATE
> Task :androidApp:assembleDebug

[Incubating] Problems report is available at: file:///C:/Users/12483/IdeaProjects/LMusic-KMP-2/build/reports/problems/problems-report.html

BUILD SUCCESSFUL in 1m 7s
528 actionable tasks: 82 executed, 446 up-to-date
